PS C:\Users\PC\Documents\GitHub\IC6831-ProyectoQA-Hobbies> cd server     
PS C:\Users\PC\Documents\GitHub\IC6831-ProyectoQA-Hobbies\server> node server.js
Servidor corriendo en http://localhost:3003
Conectado a Neo4j exitosamente
Datos recibidos: { username: 'josue', password: '12345' }
Inicio de sesión exitoso
Datos recibidos: { username: 'josue', password: '12345' }
Inicio de sesión exitoso

 *  History restored 

PS C:\Users\PC\Documents\GitHub\IC6831-ProyectoQA-Hobbies> npm install --save-dev jest
npm warn deprecated inflight@1.0.6: This module is not supported, and leaks memory. Do not use it. Check out lru-cache if you want a good and tested way to coalesce async requests by a key value, which is much more comprehensive and powerful.
npm warn deprecated glob@7.2.3: Glob versions prior to v9 are no longer supported

added 267 packages, removed 2 packages, and audited 344 packages in 16s

47 packages are looking for funding
  run `npm fund` for details

2 high severity vulnerabilities

To address all issues, run:
  npm audit fix

Run `npm audit` for details.
PS C:\Users\PC\Documents\GitHub\IC6831-ProyectoQA-Hobbies> npm install --save-dev jest supertest

added 24 packages, removed 1 package, changed 4 packages, and audited 367 packages in 3s

50 packages are looking for funding
  run `npm fund` for details

2 high severity vulnerabilities

To address all issues, run:
  npm audit fix

Run `npm audit` for details.
PS C:\Users\PC\Documents\GitHub\IC6831-ProyectoQA-Hobbies> npm install --save-dev jest-fetch-mock

added 7 packages, and audited 374 packages in 2s

50 packages are looking for funding
  run `npm fund` for details

2 high severity vulnerabilities

To address all issues, run:
  npm audit fix

Run `npm audit` for details.
PS C:\Users\PC\Documents\GitHub\IC6831-ProyectoQA-Hobbies> 
PS C:\Users\PC\Documents\GitHub\IC6831-ProyectoQA-Hobbies> npm install --save-dev jest-fetch-mock

up to date, audited 374 packages in 1s

50 packages are looking for funding
  run `npm fund` for details

2 high severity vulnerabilities

To address all issues, run:
  npm audit fix

Run `npm audit` for details.
PS C:\Users\PC\Documents\GitHub\IC6831-ProyectoQA-Hobbies> 
PS C:\Users\PC\Documents\GitHub\IC6831-ProyectoQA-Hobbies> npx jest
 FAIL  server/tests/public/main.test.js
  ● Test suite failed to run
                                                                                                                                                                                                                           
    ● Validation Error:                                                                                                                                                                                                    
                                                                                                                                                                                                                           
      Test environment jest-environment-jsdom cannot be found. Make sure the testEnvironment configuration option points to an existing node module.                                                                       
                                                                                                                                                                                                                           
      Configuration Documentation:                                                                                                                                                                                         
      https://jestjs.io/docs/configuration


    As of Jest 28 "jest-environment-jsdom" is no longer shipped by default, make sure to install it separately.


        Test environment jest-environment-jsdom cannot be found. Make sure the testEnvironment configuration option points to an existing node module.

        Configuration Documentation:
        https://jestjs.io/docs/configuration

      As of Jest 28 "jest-environment-jsdom" is no longer shipped by default, make sure to install it separately.

 PASS  server/tests/controllers/registerController.test.js (6.716 s)
  ● Console

    console.log

    console.log


    console.log
      Datos recibidos: { username: 'testuser', email: 'test@example.com', password: '1234' }

      at log (server/controllers/registerController.js:14:11)


Test Suites: 1 failed, 1 passed, 2 total
Tests:       1 passed, 1 total
Snapshots:   0 total
Time:        7.681 s
Ran all test suites.
PS C:\Users\PC\Documents\GitHub\IC6831-ProyectoQA-Hobbies>
PS C:\Users\PC\Documents\GitHub\IC6831-ProyectoQA-Hobbies> npm install --save-dev jest-environment-jsdom

added 75 packages, and audited 449 packages in 9s

59 packages are looking for funding
  run `npm fund` for details

2 high severity vulnerabilities

To address all issues, run:
  npm audit fix

Run `npm audit` for details.
PS C:\Users\PC\Documents\GitHub\IC6831-ProyectoQA-Hobbies>
PS C:\Users\PC\Documents\GitHub\IC6831-ProyectoQA-Hobbies> npx jest
 FAIL  server/tests/public/main.test.js
  ● Test suite failed to run

    Jest encountered an unexpected token

    Jest failed to parse a file. This happens e.g. when your code or its dependencies use non-standard JavaScript syntax, or when Jest is not configured to support such syntax.

    Out of the box Jest supports Babel, which will be used to transform your files into valid JS based on your Babel configuration.

    By default "node_modules" folder is ignored by transformers.

    Here's what you can do:
     • If you are trying to use ECMAScript Modules, see https://jestjs.io/docs/ecmascript-modules for how to enable it.
     • If you are trying to use TypeScript, see https://jestjs.io/docs/getting-started#using-typescript
     • To have some of your "node_modules" files transformed, you can specify a custom "transformIgnorePatterns" in your config.
     • If you need a custom transformation specify a "transform" option in your config.
     • If you simply want to mock your non-JS modules (e.g. binary assets) you can stub them out with the "moduleNameMapper" config option.

    You'll find more details and examples of these config options in the docs:
    https://jestjs.io/docs/configuration
    For information about custom transformations, see:
    https://jestjs.io/docs/code-transformation

    Details:

    C:\Users\PC\Documents\GitHub\IC6831-ProyectoQA-Hobbies\server\tests\public\main.test.js:4
    import fs from 'fs';
    ^^^^^^

    SyntaxError: Cannot use import statement outside a module

      at Runtime.createScriptFromCode (node_modules/jest-runtime/build/index.js:1505:14)

 FAIL  server/tests/controllers/registerController.test.js
  ● Test suite failed to run
                                                                                                                                                                                                                           
    ReferenceError: TextEncoder is not defined                                                                                                                                                                             
                                                                                                                                                                                                                           
    > 1 | const request = require('supertest');                                                                                                                                                                            
        |                 ^                                                                                                                                                                                                
      2 | const express = require('express');                                                                                                                                                                              
      3 | const registerController = require('../../controllers/registerController');
      4 | const app = express();

      at utf8ToBytes (node_modules/@noble/hashes/src/utils.ts:217:29)
      at toBytes (node_modules/@noble/hashes/src/utils.ts:236:40)
      at hashC (node_modules/@noble/hashes/src/utils.ts:342:63)
      at hash (node_modules/@paralleldrive/cuid2/src/index.js:34:22)
      at createFingerprint (node_modules/@paralleldrive/cuid2/src/index.js:63:10)
      at init (node_modules/@paralleldrive/cuid2/src/index.js:81:17)
      at Object.<anonymous> (node_modules/@paralleldrive/cuid2/src/index.js:101:18)
      at Object.<anonymous> (node_modules/@paralleldrive/cuid2/index.js:1:152)
      at Object.<anonymous> (node_modules/formidable/dist/index.cjs:8:13)
      at Object.require (node_modules/superagent/src/node/index.js:16:20)
      at Object.<anonymous> (node_modules/supertest/lib/test.js:12:21)
      at Object.<anonymous> (node_modules/supertest/index.js:13:14)
      at Object.require (server/tests/controllers/registerController.test.js:1:17)

Test Suites: 2 failed, 2 total
Tests:       0 total
Snapshots:   0 total
Time:        12.248 s
Ran all test suites.
PS C:\Users\PC\Documents\GitHub\IC6831-ProyectoQA-Hobbies> 
PS C:\Users\PC\Documents\GitHub\IC6831-ProyectoQA-Hobbies> npx jest                                                                                                                                                        
 FAIL  server/tests/public/main.test.js
  ● Test suite failed to run
                                                                                                                                                                                                                           
    Jest encountered an unexpected token                                                                                                                                                                                   
                                                                                                                                                                                                                           
    Jest failed to parse a file. This happens e.g. when your code or its dependencies use non-standard JavaScript syntax, or when Jest is not configured to support such syntax.                                           
                                                                                                                                                                                                                           
    Out of the box Jest supports Babel, which will be used to transform your files into valid JS based on your Babel configuration.                                                                                        

    By default "node_modules" folder is ignored by transformers.

    Here's what you can do:
     • If you are trying to use ECMAScript Modules, see https://jestjs.io/docs/ecmascript-modules for how to enable it.
     • If you are trying to use TypeScript, see https://jestjs.io/docs/getting-started#using-typescript
     • To have some of your "node_modules" files transformed, you can specify a custom "transformIgnorePatterns" in your config.
     • If you need a custom transformation specify a "transform" option in your config.
     • If you simply want to mock your non-JS modules (e.g. binary assets) you can stub them out with the "moduleNameMapper" config option.

    You'll find more details and examples of these config options in the docs:
    https://jestjs.io/docs/configuration
    For information about custom transformations, see:
    https://jestjs.io/docs/code-transformation

    Details:

    C:\Users\PC\Documents\GitHub\IC6831-ProyectoQA-Hobbies\server\tests\public\main.test.js:4
    import fs from 'fs';
    ^^^^^^

    SyntaxError: Cannot use import statement outside a module

      at Runtime.createScriptFromCode (node_modules/jest-runtime/build/index.js:1505:14)

 FAIL  server/tests/controllers/registerController.test.js
  ● Test suite failed to run
                                                                                                                                                                                                                           
    ReferenceError: TextEncoder is not defined                                                                                                                                                                             
                                                                                                                                                                                                                           
    > 1 | const request = require('supertest');                                                                                                                                                                            
        |                 ^                                                                                                                                                                                                
      2 | const express = require('express');                                                                                                                                                                              
      3 | const registerController = require('../../controllers/registerController');
      4 | const app = express();

      at utf8ToBytes (node_modules/@noble/hashes/src/utils.ts:217:29)
      at toBytes (node_modules/@noble/hashes/src/utils.ts:236:40)
      at hashC (node_modules/@noble/hashes/src/utils.ts:342:63)
      at hash (node_modules/@paralleldrive/cuid2/src/index.js:34:22)
      at createFingerprint (node_modules/@paralleldrive/cuid2/src/index.js:63:10)
      at init (node_modules/@paralleldrive/cuid2/src/index.js:81:17)
      at Object.<anonymous> (node_modules/@paralleldrive/cuid2/src/index.js:101:18)
        |                 ^
      2 | const express = require('express');
      3 | const registerController = require('../../controllers/registerController');
      4 | const app = express();

      at utf8ToBytes (node_modules/@noble/hashes/src/utils.ts:217:29)
      at toBytes (node_modules/@noble/hashes/src/utils.ts:236:40)
      at hashC (node_modules/@noble/hashes/src/utils.ts:342:63)
      at hash (node_modules/@paralleldrive/cuid2/src/index.js:34:22)
      at createFingerprint (node_modules/@paralleldrive/cuid2/src/index.js:63:10)
      at init (node_modules/@paralleldrive/cuid2/src/index.js:81:17)
      at Object.<anonymous> (node_modules/@paralleldrive/cuid2/src/index.js:101:18)
      at Object.<anonymous> (node_modules/@paralleldrive/cuid2/index.js:1:152)
      at Object.<anonymous> (node_modules/formidable/dist/index.cjs:8:13)
      at Object.require (node_modules/superagent/src/node/index.js:16:20)
      at Object.<anonymous> (node_modules/supertest/lib/test.js:12:21)
      at Object.<anonymous> (node_modules/supertest/index.js:13:14)
      at Object.require (server/tests/controllers/registerController.test.js:1:17)                                                                                                                                         

Test Suites: 2 failed, 2 total
Tests:       0 total
Snapshots:   0 total
Time:        0.986 s
Ran all test suites.
PS C:\Users\PC\Documents\GitHub\IC6831-ProyectoQA-Hobbies> node -v
v22.16.0
PS C:\Users\PC\Documents\GitHub\IC6831-ProyectoQA-Hobbies> npx jest
 FAIL  server/tests/controllers/registerController.test.js
  ● Test suite failed to run
                                                                                                                                                                                                                           
    ReferenceError: TextEncoder is not defined                                                                                                                                                                             
                                                                                                                                                                                                                           
    > 1 | const request = require('supertest');                                                                                                                                                                            
        |                 ^                                                                                                                                                                                                
      2 | const express = require('express');                                                                                                                                                                              
      3 | const registerController = require('../../controllers/registerController');
      4 | const app = express();

      at utf8ToBytes (node_modules/@noble/hashes/src/utils.ts:217:29)
      at toBytes (node_modules/@noble/hashes/src/utils.ts:236:40)
      at hashC (node_modules/@noble/hashes/src/utils.ts:342:63)
      at hash (node_modules/@paralleldrive/cuid2/src/index.js:34:22)
      at createFingerprint (node_modules/@paralleldrive/cuid2/src/index.js:63:10)
      at init (node_modules/@paralleldrive/cuid2/src/index.js:81:17)
      at Object.<anonymous> (node_modules/@paralleldrive/cuid2/src/index.js:101:18)
      at Object.<anonymous> (node_modules/@paralleldrive/cuid2/index.js:1:152)
      at Object.<anonymous> (node_modules/formidable/dist/index.cjs:8:13)
      at Object.require (node_modules/superagent/src/node/index.js:16:20)
      at Object.<anonymous> (node_modules/supertest/lib/test.js:12:21)
      at Object.<anonymous> (node_modules/supertest/index.js:13:14)
      at Object.require (server/tests/controllers/registerController.test.js:1:17)

 PASS  server/tests/public/main.test.js

Test Suites: 1 failed, 1 passed, 2 total
Tests:       1 passed, 1 total
Snapshots:   0 total
Time:        1.074 s
Ran all test suites.
PS C:\Users\PC\Documents\GitHub\IC6831-ProyectoQA-Hobbies> 
PS C:\Users\PC\Documents\GitHub\IC6831-ProyectoQA-Hobbies> npx jest
● Validation Error:

  Module <rootDir>/jest.setup.js in the setupFiles option was not found.
         <rootDir> is: C:\Users\PC\Documents\GitHub\IC6831-ProyectoQA-Hobbies

  Configuration Documentation:
  https://jestjs.io/docs/configuration

PS C:\Users\PC\Documents\GitHub\IC6831-ProyectoQA-Hobbies> npx jest
 PASS  server/tests/public/main.test.js
 PASS  server/tests/controllers/registerController.test.js
  ● Console
                                                                                                                                                                                                                           
    console.log
      Datos recibidos: { username: 'testuser', email: 'test@example.com', password: '1234' }

      at log (server/controllers/registerController.js:14:11)


Test Suites: 2 passed, 2 total
Tests:       2 passed, 2 total
Snapshots:   0 total
Time:        1.055 s
Ran all test suites.
PS C:\Users\PC\Documents\GitHub\IC6831-ProyectoQA-Hobbies> npx jest
 PASS  server/tests/public/main.test.js
 FAIL  server/tests/controllers/registerController.test.js
  ● Test suite failed to run
                                                                                                                                                                                                                           
    Cannot find module '../../db/neo4j' from 'server/controllers/registerController.js'

    Require stack:
      server/controllers/registerController.js
      server/tests/controllers/registerController.test.js


    However, Jest was able to find:
        '../../db/neo4j.js'

    You might want to include a file extension in your import, or update your 'moduleFileExtensions', which is currently ['js', 'mjs', 'cjs', 'jsx', 'ts', 'tsx', 'json', 'node'].

    See https://jestjs.io/docs/configuration#modulefileextensions-arraystring

      13 | };
      14 |
    > 15 | jest.mock('../../db/neo4j', () => ({
         |                                    ^
      16 |   session: () => mockSession
      17 | }));
      18 |

      at Resolver._throwModNotFoundError (node_modules/jest-resolve/build/resolver.js:427:11)
      at Object.<anonymous> (server/controllers/registerController.js:15:36)
      at Object.require (server/tests/controllers/registerController.test.js:3:28)

Test Suites: 1 failed, 1 passed, 2 total                                                                                                                                                                                   
Tests:       1 passed, 1 total                                                                                                                                                                                             
Snapshots:   0 total
Time:        1.284 s
Ran all test suites.
PS C:\Users\PC\Documents\GitHub\IC6831-ProyectoQA-Hobbies> npx jest
 PASS  server/tests/public/main.test.js
 FAIL  server/tests/controllers/registerController.test.js
  ● Test suite failed to run
                                                                                                                                                                                                                           
    Cannot find module '../../db/neo4j.js' from 'server/controllers/registerController.js'

    Require stack:
      server/controllers/registerController.js
      server/tests/controllers/registerController.test.js

      13 | };
      14 |
    > 15 | jest.mock('../../db/neo4j.js', () => ({
         |                                       ^
      16 |   session: () => mockSession
      17 | }));
      18 |

      at Resolver._throwModNotFoundError (node_modules/jest-resolve/build/resolver.js:427:11)
      at Object.<anonymous> (server/controllers/registerController.js:15:39)
      at Object.require (server/tests/controllers/registerController.test.js:3:28)

Test Suites: 1 failed, 1 passed, 2 total                                                                                                                                                                                   
Tests:       1 passed, 1 total                                                                                                                                                                                             
Snapshots:   0 total
Time:        0.994 s, estimated 1 s
Ran all test suites.
PS C:\Users\PC\Documents\GitHub\IC6831-ProyectoQA-Hobbies> npx jest
 PASS  server/tests/public/main.test.js
 FAIL  server/tests/controllers/registerController.test.js
  ● Test suite failed to run
                                                                                                                                                                                                                           
    Cannot find module '../../db/neo4j.js' from 'server/controllers/registerController.js'

    Require stack:
      server/controllers/registerController.js
      server/tests/controllers/registerController.test.js

      13 | };
      14 |
    > 15 | jest.mock('../../db/neo4j.js', () => ({
         |                                       ^
      16 |   session: () => mockSession
      17 | }));
      18 |

      at Resolver._throwModNotFoundError (node_modules/jest-resolve/build/resolver.js:427:11)
      at Object.<anonymous> (server/controllers/registerController.js:15:39)
      at Object.require (server/tests/controllers/registerController.test.js:3:28)

Test Suites: 1 failed, 1 passed, 2 total                                                                                                                                                                                   
Tests:       1 passed, 1 total                                                                                                                                                                                             
Snapshots:   0 total
Time:        0.885 s, estimated 1 s
Ran all test suites.
PS C:\Users\PC\Documents\GitHub\IC6831-ProyectoQA-Hobbies> };
En línea: 1 Carácter: 1
+ };
+ ~
Token '}' inesperado en la expresión o la instrucción.
    + CategoryInfo          : ParserError: (:) [], ParentContainsErrorRecordException
    + FullyQualifiedErrorId : UnexpectedToken

PS C:\Users\PC\Documents\GitHub\IC6831-ProyectoQA-Hobbies> 